﻿
> careercraft@0.0.0 build
> vite build

[36mvite v8.0.0 [32mbuilding client environment for production...[36m[39m
[2K
transforming...Ô£ô 2159 modules transformed.
node.exe : [31mÔ£ù[39m Build 
failed in 985ms
At C:\Program 
Files\nodejs\npm.ps1:29 char:3
+   & $NODE_EXE $NPM_CLI_JS $args
+   ~~~~~~~~~~~~~~~~~~~~~~~~~~~~~
    + CategoryInfo          : Not 
   Specified: ([31mÔ£ù[39m Bui  
  ld failed in 985ms:String) []   
 , RemoteException
    + FullyQualifiedErrorId : Nat 
   iveCommandError
 
[31merror during build:
[31mBuild failed with 1 error:

[plugin vite:css] 
D:/chaitu/desktop/New folder 
(4)/src/index.css:41:2
CssSyntaxError: [postcss] 
D:/chaitu/desktop/New folder 
(4)/src/index.css:41:3: You 
cannot `@apply` the 
`font-heading` utility here 
because it creates a circular 
dependency.
    at Input.error 
(D:\chaitu\desktop\New folder (4)\
node_modules\postcss\lib\input.js:
135:16)
    at Rule.error 
(D:\chaitu\desktop\New folder (4)\
node_modules\postcss\lib\node.js:1
46:32)
    at processApply 
(D:\chaitu\desktop\New folder (4)\
node_modules\tailwindcss\lib\lib\e
xpandApplyAtRules.js:430:32)
    at D:\chaitu\desktop\New 
folder (4)\node_modules\tailwindcs
s\lib\lib\expandApplyAtRules.js:53
8:9
    at D:\chaitu\desktop\New 
folder (4)\node_modules\tailwindcs
s\lib\processTailwindFeatures.js:5
7:50
    at async plugins 
(D:\chaitu\desktop\New folder (4)\
node_modules\tailwindcss\lib\plugi
n.js:38:17)
    at async LazyResult.runAsync 
(D:\chaitu\desktop\New folder (4)\
node_modules\postcss\lib\lazy-resu
lt.js:293:11)
    at async runPostCSS (file:///D
:/chaitu/desktop/New%20folder%20(4
)/node_modules/vite/dist/node/chun
ks/node.js:20913:19)
    at async compilePostCSS (file:
///D:/chaitu/desktop/New%20folder%
20(4)/node_modules/vite/dist/node/
chunks/node.js:20897:6)
    at async compileCSS (file:///D
:/chaitu/desktop/New%20folder%20(4
)/node_modules/vite/dist/node/chun
ks/node.js:20827:26)[31m
    at 
aggregateBindingErrorsIntoJsError 
(file:///D:/chaitu/desktop/New%20f
older%20(4)/node_modules/rolldown/
dist/shared/error-CP8smW_P.mjs:48:
18)
    at unwrapBindingResult (file:/
//D:/chaitu/desktop/New%20folder%2
0(4)/node_modules/rolldown/dist/sh
ared/error-CP8smW_P.mjs:18:128)
    at #build (file:///D:/chaitu/d
esktop/New%20folder%20(4)/node_mod
ules/rolldown/dist/shared/rolldown
-build-4YnQkA76.mjs:3311:34)
    at async buildEnvironment (fil
e:///D:/chaitu/desktop/New%20folde
r%20(4)/node_modules/vite/dist/nod
e/chunks/node.js:32794:64)
    at async Object.build (file://
/D:/chaitu/desktop/New%20folder%20
(4)/node_modules/vite/dist/node/ch
unks/node.js:33216:19)
    at async Object.buildApp (file
:///D:/chaitu/desktop/New%20folder
%20(4)/node_modules/vite/dist/node
/chunks/node.js:33213:153)
    at async CAC.<anonymous> (file
:///D:/chaitu/desktop/New%20folder
%20(4)/node_modules/vite/dist/node
/cli.js:778:3) {
  errors: [Getter/Setter]
}[39m
